// Jest Snapshot v1, https://goo.gl/fbAQLP

exports[`Should display the number of replies 1`] = `null`;
